/*
 *  CMSIS Pack Debug Access Sequence Log
 *  File        : d:\Desktop\CUBEMX_DE_WENJIAN\_3_MDK_DanceRobot\MDK-ARM\_3_MDK_DanceRobot_Sequences_0004.log
 *  Created     : 17:18:39 (02/10/2026)
 *  Device      : STM32F411CEUx
 *  PDSC File   : D:\MDK535\ARM\PACK\Keil\STM32F4xx_DFP\2.13.0\Keil.STM32F4xx_DFP.pdsc
 *  Config File : d:\Desktop\CUBEMX_DE_WENJIAN\_3_MDK_DanceRobot\MDK-ARM\DebugConfig\_3_MDK_DanceRobot_STM32F411CEUx.dbgconf
 *
 */

[17:18:39.127]  **********  Sequence "DebugDeviceUnlock"  (Context="Connect", Pname="", info="")
[17:18:39.127]  
[17:18:39.131]  <debugvars>
[17:18:39.134]    // Pre-defined
[17:18:39.134]    __protocol=0x00010002      (Protocol="SWD", SWJ-DP="True")
[17:18:39.138]    __connection=0x00000202    (Connection Type="Flash", Reset Type="System Reset")
[17:18:39.138]    __dp=0x00000000
[17:18:39.138]    __ap=0x00000000
[17:18:39.138]    __traceout=0x00000000      (Trace Disabled)
[17:18:39.138]    __errorcontrol=0x00000000  (Skip Errors="False")
[17:18:39.139]    __FlashAddr=0x00000000
[17:18:39.139]    __FlashLen=0x00000000
[17:18:39.139]    __FlashArg=0x00000000
[17:18:39.139]    __FlashOp=0x00000000
[17:18:39.139]    __Result=0x00000000
[17:18:39.139]    
[17:18:39.139]    // User-defined
[17:18:39.139]    DbgMCU_CR=0x00000007
[17:18:39.139]    DbgMCU_APB1_Fz=0x00000000
[17:18:39.140]    DbgMCU_APB2_Fz=0x00000000
[17:18:39.140]    TraceClk_Pin=0x00040002
[17:18:39.140]    TraceD0_Pin=0x00040003
[17:18:39.140]    TraceD1_Pin=0x00040004
[17:18:39.140]    TraceD2_Pin=0x00040005
[17:18:39.140]    TraceD3_Pin=0x00040006
[17:18:39.140]  </debugvars>
[17:18:39.140]  
[17:18:39.141]  <sequence name="DebugDeviceUnlock" Pname="" disable="false" info="">
[17:18:39.141]    <block atomic="false" info="">
[17:18:39.141]      Sequence("CheckID");
[17:18:39.141]        <sequence name="CheckID" Pname="" disable="false" info="">
[17:18:39.141]          <block atomic="false" info="">
[17:18:39.141]            __var pidr1 = 0;
[17:18:39.141]              // -> [pidr1 <= 0x00000000]
[17:18:39.142]            __var pidr2 = 0;
[17:18:39.142]              // -> [pidr2 <= 0x00000000]
[17:18:39.142]            __var jep106id = 0;
[17:18:39.142]              // -> [jep106id <= 0x00000000]
[17:18:39.142]            __var ROMTableBase = 0;
[17:18:39.142]              // -> [ROMTableBase <= 0x00000000]
[17:18:39.142]            __ap = 0;      // AHB-AP
[17:18:39.142]              // -> [__ap <= 0x00000000]
[17:18:39.143]            ROMTableBase = ReadAP(0xF8) & ~0x3;
[17:18:39.147]              // -> [ReadAP(0x000000F8) => 0xE00FF003]   (__dp=0x00000000, __ap=0x00000000)
[17:18:39.147]              // -> [ROMTableBase <= 0xE00FF000]
[17:18:39.148]            pidr1 = Read32(ROMTableBase + 0x0FE4);
[17:18:39.155]              // -> [Read32(0xE00FFFE4) => 0x00000004]   (__dp=0x00000000, __ap=0x00000000)
[17:18:39.160]              // -> [pidr1 <= 0x00000004]
[17:18:39.160]            pidr2 = Read32(ROMTableBase + 0x0FE8);
[17:18:39.166]              // -> [Read32(0xE00FFFE8) => 0x0000000A]   (__dp=0x00000000, __ap=0x00000000)
[17:18:39.166]              // -> [pidr2 <= 0x0000000A]
[17:18:39.166]            jep106id = ((pidr2 & 0x7) << 4 ) | ((pidr1 >> 4) & 0xF);
[17:18:39.166]              // -> [jep106id <= 0x00000020]
[17:18:39.166]          </block>
[17:18:39.166]          <control if="jep106id != 0x20" while="" timeout="0" info="">
[17:18:39.166]            // if-block "jep106id != 0x20"
[17:18:39.166]              // =>  FALSE
[17:18:39.166]            // skip if-block "jep106id != 0x20"
[17:18:39.166]          </control>
[17:18:39.166]        </sequence>
[17:18:39.171]    </block>
[17:18:39.171]  </sequence>
[17:18:39.171]  
[17:18:39.315]  **********  Sequence "DebugCoreStart"  (Context="Target Access", Pname="", info="")
[17:18:39.315]  
[17:18:39.316]  <debugvars>
[17:18:39.316]    // Pre-defined
[17:18:39.316]    __protocol=0x00010002      (Protocol="SWD", SWJ-DP="True")
[17:18:39.316]    __connection=0x00000202    (Connection Type="Flash", Reset Type="System Reset")
[17:18:39.316]    __dp=0x00000000
[17:18:39.316]    __ap=0x00000000
[17:18:39.316]    __traceout=0x00000000      (Trace Disabled)
[17:18:39.317]    __errorcontrol=0x00000000  (Skip Errors="False")
[17:18:39.317]    __FlashAddr=0x00000000
[17:18:39.317]    __FlashLen=0x00000000
[17:18:39.317]    __FlashArg=0x00000000
[17:18:39.317]    __FlashOp=0x00000000
[17:18:39.317]    __Result=0x00000000
[17:18:39.317]    
[17:18:39.317]    // User-defined
[17:18:39.317]    DbgMCU_CR=0x00000007
[17:18:39.317]    DbgMCU_APB1_Fz=0x00000000
[17:18:39.317]    DbgMCU_APB2_Fz=0x00000000
[17:18:39.317]    TraceClk_Pin=0x00040002
[17:18:39.317]    TraceD0_Pin=0x00040003
[17:18:39.317]    TraceD1_Pin=0x00040004
[17:18:39.317]    TraceD2_Pin=0x00040005
[17:18:39.317]    TraceD3_Pin=0x00040006
[17:18:39.317]  </debugvars>
[17:18:39.317]  
[17:18:39.317]  <sequence name="DebugCoreStart" Pname="" disable="false" info="">
[17:18:39.317]    <block atomic="false" info="">
[17:18:39.317]      Write32(0xE000EDF0, 0xA05F0001);                                        // Enable Core Debug via DHCSR
[17:18:39.325]        // -> [Write32(0xE000EDF0, 0xA05F0001)]   (__dp=0x00000000, __ap=0x00000000)
[17:18:39.325]      Write32(0xE0042004, DbgMCU_CR);                                         // DBGMCU_CR: Configure MCU Debug
[17:18:39.328]        // -> [Write32(0xE0042004, 0x00000007)]   (__dp=0x00000000, __ap=0x00000000)
[17:18:39.328]      Write32(0xE0042008, DbgMCU_APB1_Fz);                                    // DBGMCU_APB1_FZ: Configure APB1 Peripheral Freeze Behavior
[17:18:39.332]        // -> [Write32(0xE0042008, 0x00000000)]   (__dp=0x00000000, __ap=0x00000000)
[17:18:39.332]      Write32(0xE004200C, DbgMCU_APB2_Fz);                                    // DBGMCU_APB1_FZ: Configure APB2 Peripheral Freeze Behavior
[17:18:39.343]        // -> [Write32(0xE004200C, 0x00000000)]   (__dp=0x00000000, __ap=0x00000000)
[17:18:39.343]    </block>
[17:18:39.343]  </sequence>
[17:18:39.343]  
