/*
 *  CMSIS Pack Debug Access Sequence Log
 *  File        : d:\Desktop\CUBEMX_DE_WENJIAN\_3_MDK_DanceRobot\MDK-ARM\_3_MDK_DanceRobot_Sequences_0007.log
 *  Created     : 17:25:56 (02/10/2026)
 *  Device      : STM32F411CEUx
 *  PDSC File   : D:\MDK535\ARM\PACK\Keil\STM32F4xx_DFP\2.13.0\Keil.STM32F4xx_DFP.pdsc
 *  Config File : d:\Desktop\CUBEMX_DE_WENJIAN\_3_MDK_DanceRobot\MDK-ARM\DebugConfig\_3_MDK_DanceRobot_STM32F411CEUx.dbgconf
 *
 */

[17:25:56.737]  **********  Sequence "DebugDeviceUnlock"  (Context="Connect", Pname="", info="")
[17:25:56.737]  
[17:25:56.740]  <debugvars>
[17:25:56.740]    // Pre-defined
[17:25:56.745]    __protocol=0x00010002      (Protocol="SWD", SWJ-DP="True")
[17:25:56.745]    __connection=0x00000202    (Connection Type="Flash", Reset Type="System Reset")
[17:25:56.745]    __dp=0x00000000
[17:25:56.745]    __ap=0x00000000
[17:25:56.745]    __traceout=0x00000000      (Trace Disabled)
[17:25:56.745]    __errorcontrol=0x00000000  (Skip Errors="False")
[17:25:56.745]    __FlashAddr=0x00000000
[17:25:56.745]    __FlashLen=0x00000000
[17:25:56.745]    __FlashArg=0x00000000
[17:25:56.745]    __FlashOp=0x00000000
[17:25:56.745]    __Result=0x00000000
[17:25:56.745]    
[17:25:56.745]    // User-defined
[17:25:56.745]    DbgMCU_CR=0x00000007
[17:25:56.745]    DbgMCU_APB1_Fz=0x00000000
[17:25:56.745]    DbgMCU_APB2_Fz=0x00000000
[17:25:56.745]    TraceClk_Pin=0x00040002
[17:25:56.745]    TraceD0_Pin=0x00040003
[17:25:56.745]    TraceD1_Pin=0x00040004
[17:25:56.745]    TraceD2_Pin=0x00040005
[17:25:56.745]    TraceD3_Pin=0x00040006
[17:25:56.745]  </debugvars>
[17:25:56.745]  
[17:25:56.745]  <sequence name="DebugDeviceUnlock" Pname="" disable="false" info="">
[17:25:56.745]    <block atomic="false" info="">
[17:25:56.745]      Sequence("CheckID");
[17:25:56.750]        <sequence name="CheckID" Pname="" disable="false" info="">
[17:25:56.750]          <block atomic="false" info="">
[17:25:56.750]            __var pidr1 = 0;
[17:25:56.750]              // -> [pidr1 <= 0x00000000]
[17:25:56.750]            __var pidr2 = 0;
[17:25:56.750]              // -> [pidr2 <= 0x00000000]
[17:25:56.750]            __var jep106id = 0;
[17:25:56.750]              // -> [jep106id <= 0x00000000]
[17:25:56.750]            __var ROMTableBase = 0;
[17:25:56.750]              // -> [ROMTableBase <= 0x00000000]
[17:25:56.750]            __ap = 0;      // AHB-AP
[17:25:56.750]              // -> [__ap <= 0x00000000]
[17:25:56.750]            ROMTableBase = ReadAP(0xF8) & ~0x3;
[17:25:56.757]              // -> [ReadAP(0x000000F8) => 0xE00FF003]   (__dp=0x00000000, __ap=0x00000000)
[17:25:56.757]              // -> [ROMTableBase <= 0xE00FF000]
[17:25:56.757]            pidr1 = Read32(ROMTableBase + 0x0FE4);
[17:25:56.765]              // -> [Read32(0xE00FFFE4) => 0x00000004]   (__dp=0x00000000, __ap=0x00000000)
[17:25:56.765]              // -> [pidr1 <= 0x00000004]
[17:25:56.765]            pidr2 = Read32(ROMTableBase + 0x0FE8);
[17:25:56.772]              // -> [Read32(0xE00FFFE8) => 0x0000000A]   (__dp=0x00000000, __ap=0x00000000)
[17:25:56.773]              // -> [pidr2 <= 0x0000000A]
[17:25:56.773]            jep106id = ((pidr2 & 0x7) << 4 ) | ((pidr1 >> 4) & 0xF);
[17:25:56.773]              // -> [jep106id <= 0x00000020]
[17:25:56.773]          </block>
[17:25:56.773]          <control if="jep106id != 0x20" while="" timeout="0" info="">
[17:25:56.774]            // if-block "jep106id != 0x20"
[17:25:56.774]              // =>  FALSE
[17:25:56.774]            // skip if-block "jep106id != 0x20"
[17:25:56.774]          </control>
[17:25:56.775]        </sequence>
[17:25:56.776]    </block>
[17:25:56.776]  </sequence>
[17:25:56.776]  
[17:25:56.924]  **********  Sequence "DebugCoreStart"  (Context="Target Access", Pname="", info="")
[17:25:56.925]  
[17:25:56.926]  <debugvars>
[17:25:56.926]    // Pre-defined
[17:25:56.926]    __protocol=0x00010002      (Protocol="SWD", SWJ-DP="True")
[17:25:56.926]    __connection=0x00000202    (Connection Type="Flash", Reset Type="System Reset")
[17:25:56.926]    __dp=0x00000000
[17:25:56.926]    __ap=0x00000000
[17:25:56.926]    __traceout=0x00000000      (Trace Disabled)
[17:25:56.926]    __errorcontrol=0x00000000  (Skip Errors="False")
[17:25:56.926]    __FlashAddr=0x00000000
[17:25:56.927]    __FlashLen=0x00000000
[17:25:56.927]    __FlashArg=0x00000000
[17:25:56.927]    __FlashOp=0x00000000
[17:25:56.927]    __Result=0x00000000
[17:25:56.927]    
[17:25:56.927]    // User-defined
[17:25:56.927]    DbgMCU_CR=0x00000007
[17:25:56.927]    DbgMCU_APB1_Fz=0x00000000
[17:25:56.927]    DbgMCU_APB2_Fz=0x00000000
[17:25:56.927]    TraceClk_Pin=0x00040002
[17:25:56.927]    TraceD0_Pin=0x00040003
[17:25:56.927]    TraceD1_Pin=0x00040004
[17:25:56.927]    TraceD2_Pin=0x00040005
[17:25:56.927]    TraceD3_Pin=0x00040006
[17:25:56.927]  </debugvars>
[17:25:56.928]  
[17:25:56.928]  <sequence name="DebugCoreStart" Pname="" disable="false" info="">
[17:25:56.928]    <block atomic="false" info="">
[17:25:56.928]      Write32(0xE000EDF0, 0xA05F0001);                                        // Enable Core Debug via DHCSR
[17:25:56.934]        // -> [Write32(0xE000EDF0, 0xA05F0001)]   (__dp=0x00000000, __ap=0x00000000)
[17:25:56.934]      Write32(0xE0042004, DbgMCU_CR);                                         // DBGMCU_CR: Configure MCU Debug
[17:25:56.940]        // -> [Write32(0xE0042004, 0x00000007)]   (__dp=0x00000000, __ap=0x00000000)
[17:25:56.940]      Write32(0xE0042008, DbgMCU_APB1_Fz);                                    // DBGMCU_APB1_FZ: Configure APB1 Peripheral Freeze Behavior
[17:25:56.945]        // -> [Write32(0xE0042008, 0x00000000)]   (__dp=0x00000000, __ap=0x00000000)
[17:25:56.945]      Write32(0xE004200C, DbgMCU_APB2_Fz);                                    // DBGMCU_APB1_FZ: Configure APB2 Peripheral Freeze Behavior
[17:25:56.951]        // -> [Write32(0xE004200C, 0x00000000)]   (__dp=0x00000000, __ap=0x00000000)
[17:25:56.951]    </block>
[17:25:56.951]  </sequence>
[17:25:56.955]  
