*** Using Compiler 'V5.06 update 7 (build 960)', folder: 'D:\MDK535\ARM\ARMCC\Bin'
Build target '_3_MDK_DanceRobot'
compiling Location_deal.c...
compiling gpio.c...
compiling i2s.c...
compiling iwdg.c...
compiling IMU.c...
compiling stm32f4xx_hal_msp.c...
compiling LX-16A.c...
compiling Gait.c...
..\Leg_action\Gait.c(402): warning:  #177-D: function "Low_Pass_Filter"  was declared but never referenced
  static float Low_Pass_Filter(float input)
..\Leg_action\Gait.c: 1 warning, 0 errors
compiling Leg_action_data.c...
compiling main.c...
compiling Task.c...
compiling Single_action_data.c...
compiling i2c.c...
compiling Beat_data.c...
compiling Single_action.c...
compiling tim.c...
compiling Body_action.c...
compiling FIFO.c...
compiling Leg_action.c...
compiling adc.c...
compiling Optical_flow.c...
..\Optical_flow\Optical_flow.c(239): warning:  #177-D: variable "integration_timespan"  was declared but never referenced
      int16_t integration_timespan=(int16_t)
..\Optical_flow\Optical_flow.c: 1 warning, 0 errors
compiling Body_action_data.c...
compiling I2S_beat.c...
compiling Servo_pwm.c...
compiling dma.c...
compiling stm32f4xx_it.c...
compiling ws2812.c...
compiling usart.c...
linking...
Program Size: Code=41702 RO-data=3438 RW-data=716 ZI-data=54916  
FromELF: creating hex file...
"_3_MDK_DanceRobot\_3_MDK_DanceRobot.axf" - 0 Error(s), 2 Warning(s).
Build Time Elapsed:  00:00:07
